Archive member included to satisfy reference by file (symbol)

C:/ST/STM32CubeIDE_1.15.0/STM32CubeIDE/plugins/com.st.stm32cube.ide.mcu.externaltools.gnu-tools-for-stm32.12.3.rel1.win32_1.0.200.202406191623/tools/bin/../lib/gcc/arm-none-eabi/12.3.1/../../../../arm-none-eabi/lib/thumb/v7e-m/nofp\libc_nano.a(libc_a-exit.o)
                              C:/ST/STM32CubeIDE_1.15.0/STM32CubeIDE/plugins/com.st.stm32cube.ide.mcu.externaltools.gnu-tools-for-stm32.12.3.rel1.win32_1.0.200.202406191623/tools/bin/../lib/gcc/arm-none-eabi/12.3.1/../../../../arm-none-eabi/lib/thumb/v7e-m/nofp/rdimon-crt0.o (exit)
C:/ST/STM32CubeIDE_1.15.0/STM32CubeIDE/plugins/com.st.stm32cube.ide.mcu.externaltools.gnu-tools-for-stm32.12.3.rel1.win32_1.0.200.202406191623/tools/bin/../lib/gcc/arm-none-eabi/12.3.1/../../../../arm-none-eabi/lib/thumb/v7e-m/nofp\libc_nano.a(libc_a-findfp.o)
                              C:/ST/STM32CubeIDE_1.15.0/STM32CubeIDE/plugins/com.st.stm32cube.ide.mcu.externaltools.gnu-tools-for-stm32.12.3.rel1.win32_1.0.200.202406191623/tools/bin/../lib/gcc/arm-none-eabi/12.3.1/../../../../arm-none-eabi/lib/thumb/v7e-m/nofp\libc_nano.a(libc_a-exit.o) (__stdio_exit_handler)
C:/ST/STM32CubeIDE_1.15.0/STM32CubeIDE/plugins/com.st.stm32cube.ide.mcu.externaltools.gnu-tools-for-stm32.12.3.rel1.win32_1.0.200.202406191623/tools/bin/../lib/gcc/arm-none-eabi/12.3.1/../../../../arm-none-eabi/lib/thumb/v7e-m/nofp\libc_nano.a(libc_a-fwalk.o)
                              C:/ST/STM32CubeIDE_1.15.0/STM32CubeIDE/plugins/com.st.stm32cube.ide.mcu.externaltools.gnu-tools-for-stm32.12.3.rel1.win32_1.0.200.202406191623/tools/bin/../lib/gcc/arm-none-eabi/12.3.1/../../../../arm-none-eabi/lib/thumb/v7e-m/nofp\libc_nano.a(libc_a-findfp.o) (_fwalk_sglue)
C:/ST/STM32CubeIDE_1.15.0/STM32CubeIDE/plugins/com.st.stm32cube.ide.mcu.externaltools.gnu-tools-for-stm32.12.3.rel1.win32_1.0.200.202406191623/tools/bin/../lib/gcc/arm-none-eabi/12.3.1/../../../../arm-none-eabi/lib/thumb/v7e-m/nofp\libc_nano.a(libc_a-stdio.o)
                              C:/ST/STM32CubeIDE_1.15.0/STM32CubeIDE/plugins/com.st.stm32cube.ide.mcu.externaltools.gnu-tools-for-stm32.12.3.rel1.win32_1.0.200.202406191623/tools/bin/../lib/gcc/arm-none-eabi/12.3.1/../../../../arm-none-eabi/lib/thumb/v7e-m/nofp\libc_nano.a(libc_a-findfp.o) (__sread)
C:/ST/STM32CubeIDE_1.15.0/STM32CubeIDE/plugins/com.st.stm32cube.ide.mcu.externaltools.gnu-tools-for-stm32.12.3.rel1.win32_1.0.200.202406191623/tools/bin/../lib/gcc/arm-none-eabi/12.3.1/../../../../arm-none-eabi/lib/thumb/v7e-m/nofp\libc_nano.a(libc_a-memset.o)
                              C:/ST/STM32CubeIDE_1.15.0/STM32CubeIDE/plugins/com.st.stm32cube.ide.mcu.externaltools.gnu-tools-for-stm32.12.3.rel1.win32_1.0.200.202406191623/tools/bin/../lib/gcc/arm-none-eabi/12.3.1/../../../../arm-none-eabi/lib/thumb/v7e-m/nofp/rdimon-crt0.o (memset)
C:/ST/STM32CubeIDE_1.15.0/STM32CubeIDE/plugins/com.st.stm32cube.ide.mcu.externaltools.gnu-tools-for-stm32.12.3.rel1.win32_1.0.200.202406191623/tools/bin/../lib/gcc/arm-none-eabi/12.3.1/../../../../arm-none-eabi/lib/thumb/v7e-m/nofp\libc_nano.a(libc_a-closer.o)
                              C:/ST/STM32CubeIDE_1.15.0/STM32CubeIDE/plugins/com.st.stm32cube.ide.mcu.externaltools.gnu-tools-for-stm32.12.3.rel1.win32_1.0.200.202406191623/tools/bin/../lib/gcc/arm-none-eabi/12.3.1/../../../../arm-none-eabi/lib/thumb/v7e-m/nofp\libc_nano.a(libc_a-stdio.o) (_close_r)
C:/ST/STM32CubeIDE_1.15.0/STM32CubeIDE/plugins/com.st.stm32cube.ide.mcu.externaltools.gnu-tools-for-stm32.12.3.rel1.win32_1.0.200.202406191623/tools/bin/../lib/gcc/arm-none-eabi/12.3.1/../../../../arm-none-eabi/lib/thumb/v7e-m/nofp\libc_nano.a(libc_a-reent.o)
                              C:/ST/STM32CubeIDE_1.15.0/STM32CubeIDE/plugins/com.st.stm32cube.ide.mcu.externaltools.gnu-tools-for-stm32.12.3.rel1.win32_1.0.200.202406191623/tools/bin/../lib/gcc/arm-none-eabi/12.3.1/../../../../arm-none-eabi/lib/thumb/v7e-m/nofp\libc_nano.a(libc_a-closer.o) (errno)
C:/ST/STM32CubeIDE_1.15.0/STM32CubeIDE/plugins/com.st.stm32cube.ide.mcu.externaltools.gnu-tools-for-stm32.12.3.rel1.win32_1.0.200.202406191623/tools/bin/../lib/gcc/arm-none-eabi/12.3.1/../../../../arm-none-eabi/lib/thumb/v7e-m/nofp\libc_nano.a(libc_a-impure.o)
                              C:/ST/STM32CubeIDE_1.15.0/STM32CubeIDE/plugins/com.st.stm32cube.ide.mcu.externaltools.gnu-tools-for-stm32.12.3.rel1.win32_1.0.200.202406191623/tools/bin/../lib/gcc/arm-none-eabi/12.3.1/../../../../arm-none-eabi/lib/thumb/v7e-m/nofp\libc_nano.a(libc_a-reent.o) (_impure_ptr)
C:/ST/STM32CubeIDE_1.15.0/STM32CubeIDE/plugins/com.st.stm32cube.ide.mcu.externaltools.gnu-tools-for-stm32.12.3.rel1.win32_1.0.200.202406191623/tools/bin/../lib/gcc/arm-none-eabi/12.3.1/../../../../arm-none-eabi/lib/thumb/v7e-m/nofp\libc_nano.a(libc_a-lseekr.o)
[...]
Memory Configuration

Name             Origin             Length             Attributes
CCMRAM           0x10000000         0x00010000         xrw
RAM              0x20000000         0x00020000         xrw
FLASH            0x08000000         0x00100000         xr
*default*        0x00000000         0xffffffff

Linker script and memory map

LOAD C:/ST/STM32CubeIDE_1.15.0/STM32CubeIDE/plugins/com.st.stm32cube.ide.mcu.externaltools.gnu-tools-for-stm32.12.3.rel1.win32_1.0.200.202406191623/tools/bin/../lib/gcc/arm-none-eabi/12.3.1/thumb/v7e-m/nofp/crti.o
LOAD C:/ST/STM32CubeIDE_1.15.0/STM32CubeIDE/plugins/com.st.stm32cube.ide.mcu.externaltools.gnu-tools-for-stm32.12.3.rel1.win32_1.0.200.202406191623/tools/bin/../lib/gcc/arm-none-eabi/12.3.1/thumb/v7e-m/nofp/crtbegin.o
LOAD C:/ST/STM32CubeIDE_1.15.0/STM32CubeIDE/plugins/com.st.stm32cube.ide.mcu.externaltools.gnu-tools-for-stm32.12.3.rel1.win32_1.0.200.202406191623/tools/bin/../lib/gcc/arm-none-eabi/12.3.1/../../../../arm-none-eabi/lib/thumb/v7e-m/nofp/rdimon-crt0.o
LOAD ./Src/010i2c_master_tx_testing.o
LOAD ./Startup/startup_stm32f407vgtx.o
LOAD ./bsp/ds1307.o
LOAD ./bsp/lcd.o
LOAD ./drivers/Src/stm32f407xx_gpio_driver.o
LOAD ./drivers/Src/stm32f407xx_i2c_driver.o
LOAD ./drivers/Src/stm32f407xx_usart_driver.o
LOAD ./drivers/Src/stm32f4xx_rcc_driver.o
LOAD ./drivers/Src/stm32f4xx_spi_drivers.o
LOAD C:/ST/STM32CubeIDE_1.15.0/STM32CubeIDE/plugins/com.st.stm32cube.ide.mcu.externaltools.gnu-tools-for-stm32.12.3.rel1.win32_1.0.200.202406191623/tools/bin/../lib/gcc/arm-none-eabi/12.3.1/../../../../arm-none-eabi/lib/thumb/v7e-m/nofp\libc_nano.a
LOAD C:/ST/STM32CubeIDE_1.15.0/STM32CubeIDE/plugins/com.st.stm32cube.ide.mcu.externaltools.gnu-tools-for-stm32.12.3.rel1.win32_1.0.200.202406191623/tools/bin/../lib/gcc/arm-none-eabi/12.3.1/../../../../arm-none-eabi/lib/thumb/v7e-m/nofp\librdimon_nano.a
START GROUP
LOAD C:/ST/STM32CubeIDE_1.15.0/STM32CubeIDE/plugins/com.st.stm32cube.ide.mcu.externaltools.gnu-tools-for-stm32.12.3.rel1.win32_1.0.200.202406191623/tools/bin/../lib/gcc/arm-none-eabi/12.3.1/../../../../arm-none-eabi/lib/thumb/v7e-m/nofp\libc_nano.a
LOAD C:/ST/STM32CubeIDE_1.15.0/STM32CubeIDE/plugins/com.st.stm32cube.ide.mcu.externaltools.gnu-tools-for-stm32.12.3.rel1.win32_1.0.200.202406191623/tools/bin/../lib/gcc/arm-none-eabi/12.3.1/../../../../arm-none-eabi/lib/thumb/v7e-m/nofp\libm.a
END GROUP
START GROUP
LOAD C:/ST/STM32CubeIDE_1.15.0/STM32CubeIDE/plugins/com.st.stm32cube.ide.mcu.externaltools.gnu-tools-for-stm32.12.3.rel1.win32_1.0.200.202406191623/tools/bin/../lib/gcc/arm-none-eabi/12.3.1/thumb/v7e-m/nofp\libgcc.a
LOAD C:/ST/STM32CubeIDE_1.15.0/STM32CubeIDE/plugins/com.st.stm32cube.ide.mcu.externaltools.gnu-tools-for-stm32.12.3.rel1.win32_1.0.200.202406191623/tools/bin/../lib/gcc/arm-none-eabi/12.3.1/../../../../arm-none-eabi/lib/thumb/v7e-m/nofp\libc_nano.a
END GROUP
START GROUP
LOAD C:/ST/STM32CubeIDE_1.15.0/STM32CubeIDE/plugins/com.st.stm32cube.ide.mcu.externaltools.gnu-tools-for-stm32.12.3.rel1.win32_1.0.200.202406191623/tools/bin/../lib/gcc/arm-none-eabi/12.3.1/thumb/v7e-m/nofp\libgcc.a
LOAD C:/ST/STM32CubeIDE_1.15.0/STM32CubeIDE/plugins/com.st.stm32cube.ide.mcu.externaltools.gnu-tools-for-stm32.12.3.rel1.win32_1.0.200.202406191623/tools/bin/../lib/gcc/arm-none-eabi/12.3.1/../../../../arm-none-eabi/lib/thumb/v7e-m/nofp\libc_nano.a
LOAD C:/ST/STM32CubeIDE_1.15.0/STM32CubeIDE/plugins/com.st.stm32cube.ide.mcu.externaltools.gnu-tools-for-stm32.12.3.rel1.win32_1.0.200.202406191623/tools/bin/../lib/gcc/arm-none-eabi/12.3.1/../../../../arm-none-eabi/lib/thumb/v7e-m/nofp\libnosys.a
END GROUP
START GROUP
LOAD C:/ST/STM32CubeIDE_1.15.0/STM32CubeIDE/plugins/com.st.stm32cube.ide.mcu.externaltools.gnu-tools-for-stm32.12.3.rel1.win32_1.0.200.202406191623/tools/bin/../lib/gcc/arm-none-eabi/12.3.1/thumb/v7e-m/nofp\libgcc.a
LOAD C:/ST/STM32CubeIDE_1.15.0/STM32CubeIDE/plugins/com.st.stm32cube.ide.mcu.externaltools.gnu-tools-for-stm32.12.3.rel1.win32_1.0.200.202406191623/tools/bin/../lib/gcc/arm-none-eabi/12.3.1/../../../../arm-none-eabi/lib/thumb/v7e-m/nofp\libc_nano.a
LOAD C:/ST/STM32CubeIDE_1.15.0/STM32CubeIDE/plugins/com.st.stm32cube.ide.mcu.externaltools.gnu-tools-for-stm32.12.3.rel1.win32_1.0.200.202406191623/tools/bin/../lib/gcc/arm-none-eabi/12.3.1/../../../../arm-none-eabi/lib/thumb/v7e-m/nofp\librdimon_nano.a
END GROUP
START GROUP
LOAD C:/ST/STM32CubeIDE_1.15.0/STM32CubeIDE/plugins/com.st.stm32cube.ide.mcu.externaltools.gnu-tools-for-stm32.12.3.rel1.win32_1.0.200.202406191623/tools/bin/../lib/gcc/arm-none-eabi/12.3.1/thumb/v7e-m/nofp\libgcc.a
LOAD C:/ST/STM32CubeIDE_1.15.0/STM32CubeIDE/plugins/com.st.stm32cube.ide.mcu.externaltools.gnu-tools-for-stm32.12.3.rel1.win32_1.0.200.202406191623/tools/bin/../lib/gcc/arm-none-eabi/12.3.1/../../../../arm-none-eabi/lib/thumb/v7e-m/nofp\libc_nano.a
LOAD C:/ST/STM32CubeIDE_1.15.0/STM32CubeIDE/plugins/com.st.stm32cube.ide.mcu.externaltools.gnu-tools-for-stm32.12.3.rel1.win32_1.0.200.202406191623/tools/bin/../lib/gcc/arm-none-eabi/12.3.1/../../../../arm-none-eabi/lib/thumb/v7e-m/nofp\librdimon_nano.a
LOAD C:/ST/STM32CubeIDE_1.15.0/STM32CubeIDE/plugins/com.st.stm32cube.ide.mcu.externaltools.gnu-tools-for-stm32.12.3.rel1.win32_1.0.200.202406191623/tools/bin/../lib/gcc/arm-none-eabi/12.3.1/../../../../arm-none-eabi/lib/thumb/v7e-m/nofp\libnosys.a
END GROUP
LOAD C:/ST/STM32CubeIDE_1.15.0/STM32CubeIDE/plugins/com.st.stm32cube.ide.mcu.externaltools.gnu-tools-for-stm32.12.3.rel1.win32_1.0.200.202406191623/tools/bin/../lib/gcc/arm-none-eabi/12.3.1/thumb/v7e-m/nofp/crtend.o
LOAD C:/ST/STM32CubeIDE_1.15.0/STM32CubeIDE/plugins/com.st.stm32cube.ide.mcu.externaltools.gnu-tools-for-stm32.12.3.rel1.win32_1.0.200.202406191623/tools/bin/../lib/gcc/arm-none-eabi/12.3.1/thumb/v7e-m/nofp/crtn.o
                0x20020000                        _estack = (ORIGIN (RAM) + LENGTH (RAM))
                0x00000200                        _Min_Heap_Size = 0x200
                0x00000400                        _Min_Stack_Size = 0x400

.isr_vector     0x08000000      0x188
                0x08000000                        . = ALIGN (0x4)
 *(.isr_vector)
 .isr_vector    0x08000000      0x188 ./Startup/startup_stm32f407vgtx.o
                0x08000000                g_pfnVectors
                0x08000188                        . = ALIGN (0x4)

.text           0x08000188      0xc74
                0x08000188                        . = ALIGN (0x4)
 *(.text)
 .text          0x08000188       0x40 C:/ST/STM32CubeIDE_1.15.0/STM32CubeIDE/plugins/com.st.stm32cube.ide.mcu.externaltools.gnu-tools-for-stm32.12.3.rel1.win32_1.0.200.202406191623/tools/bin/../lib/gcc/arm-none-eabi/12.3.1/thumb/v7e-m/nofp/crtbegin.o
 .text          0x080001c8       0x10 C:/ST/STM32CubeIDE_1.15.0/STM32CubeIDE/plugins/com.st.stm32cube.ide.mcu.externaltools.gnu-tools-for-stm32.12.3.rel1.win32_1.0.200.202406191623/tools/bin/../lib/gcc/arm-none-eabi/12.3.1/../../../../arm-none-eabi/lib/thumb/v7e-m/nofp\libc_nano.a(libc_a-strlen.o)
                0x080001c8                strlen
 *(.text*)
 .text.delay    0x080001d8       0x2c ./Src/010i2c_master_tx_testing.o
                0x080001d8                delay
 .text.I2C_GPIOInits
                0x08000204       0x44 ./Src/010i2c_master_tx_testing.o
                0x08000204                I2C_GPIOInits
 .text.I2C1_Init
                0x08000248       0x38 ./Src/010i2c_master_tx_testing.o
                0x08000248                I2C1_Init
 .text.GPIO_ButtonInit
                0x08000280       0x30 ./Src/010i2c_master_tx_testing.o
                0x08000280                GPIO_ButtonInit
 .text.main     0x080002b0       0x58 ./Src/010i2c_master_tx_testing.o
                0x080002b0                main
 .text.Reset_Handler
                0x08000308       0x50 ./Startup/startup_stm32f407vgtx.o
                0x08000308                Reset_Handler
 .text.Default_Handler
                0x08000358        0x2 ./Startup/startup_stm32f407vgtx.o
                0x08000358                RTC_Alarm_IRQHandler
                0x08000358                HASH_RNG_IRQHandler
                0x08000358                EXTI2_IRQHandler
                0x08000358                TIM8_CC_IRQHandler
                0x08000358                DebugMon_Handler
                0x08000358                TIM1_CC_IRQHandler
                0x08000358                DMA2_Stream5_IRQHandler
                0x08000358                HardFault_Handler
                0x08000358                DMA1_Stream5_IRQHandler
                0x08000358                SysTick_Handler
                0x08000358                PVD_IRQHandler
                0x08000358                SDIO_IRQHandler
                0x08000358                TAMP_STAMP_IRQHandler
                0x08000358                PendSV_Handler
                0x08000358                NMI_Handler
                0x08000358                CAN2_RX1_IRQHandler
                0x08000358                EXTI3_IRQHandler
                0x08000358                TIM8_TRG_COM_TIM14_IRQHandler
                0x08000358                TIM1_UP_TIM10_IRQHandler
                0x08000358                TIM8_UP_TIM13_IRQHandler
                0x08000358                I2C3_ER_IRQHandler
                0x08000358                EXTI0_IRQHandler
                0x08000358                I2C2_EV_IRQHandler
                0x08000358                DMA1_Stream2_IRQHandler
                0x08000358                CAN1_RX0_IRQHandler
                0x08000358                FPU_IRQHandler
                0x08000358                OTG_HS_WKUP_IRQHandler
                0x08000358                UsageFault_Handler
                0x08000358                CAN2_SCE_IRQHandler
                0x08000358                DMA2_Stream2_IRQHandler
                0x08000358                SPI1_IRQHandler
                0x08000358                TIM6_DAC_IRQHandler
                0x08000358                TIM1_BRK_TIM9_IRQHandler
                0x08000358                DCMI_IRQHandler
                0x08000358                CAN2_RX0_IRQHandler
                0x08000358                DMA2_Stream3_IRQHandler
                0x08000358                USART6_IRQHandler
                0x08000358                USART3_IRQHandler
                0x08000358                CRYP_IRQHandler
                0x08000358                CAN1_RX1_IRQHandler
                0x08000358                UART5_IRQHandler
                0x08000358                DMA2_Stream0_IRQHandler
                0x08000358                TIM4_IRQHandler
                0x08000358                I2C1_EV_IRQHandler
                0x08000358                DMA1_Stream6_IRQHandler
                0x08000358                DMA1_Stream1_IRQHandler
                0x08000358                UART4_IRQHandler
                0x08000358                TIM3_IRQHandler
                0x08000358                RCC_IRQHandler
                0x08000358                TIM8_BRK_TIM12_IRQHandler
                0x08000358                Default_Handler
                0x08000358                EXTI15_10_IRQHandler
                0x08000358                ADC_IRQHandler
                0x08000358                DMA1_Stream7_IRQHandler
                0x08000358                TIM7_IRQHandler
                0x08000358                CAN2_TX_IRQHandler
                0x08000358                TIM5_IRQHandler
                0x08000358                DMA2_Stream7_IRQHandler
                0x08000358                I2C3_EV_IRQHandler
                0x08000358                EXTI9_5_IRQHandler
                0x08000358                RTC_WKUP_IRQHandler
                0x08000358                ETH_WKUP_IRQHandler
                0x08000358                SPI2_IRQHandler
                0x08000358                OTG_HS_EP1_IN_IRQHandler
                0x08000358                MemManage_Handler
                0x08000358                DMA1_Stream0_IRQHandler
                0x08000358                CAN1_TX_IRQHandler
                0x08000358                SVC_Handler
                0x08000358                EXTI4_IRQHandler
                0x08000358                FSMC_IRQHandler
                0x08000358                ETH_IRQHandler
                0x08000358                OTG_HS_EP1_OUT_IRQHandler
                0x08000358                WWDG_IRQHandler
                0x08000358                TIM2_IRQHandler
                0x08000358                OTG_FS_WKUP_IRQHandler
                0x08000358                TIM1_TRG_COM_TIM11_IRQHandler
                0x08000358                OTG_HS_IRQHandler
                0x08000358                EXTI1_IRQHandler
                0x08000358                USART2_IRQHandler
                0x08000358                I2C2_ER_IRQHandler
                0x08000358                DMA2_Stream1_IRQHandler
                0x08000358                CAN1_SCE_IRQHandler
                0x08000358                DMA2_Stream4_IRQHandler
                0x08000358                BusFault_Handler
                0x08000358                USART1_IRQHandler
                0x08000358                OTG_FS_IRQHandler
                0x08000358                SPI3_IRQHandler
                0x08000358                DMA1_Stream4_IRQHandler
                0x08000358                I2C1_ER_IRQHandler
                0x08000358                DMA2_Stream6_IRQHandler
                0x08000358                DMA1_Stream3_IRQHandler
 *fill*         0x0800035a        0x2 
 .text.GPIO_PeriClockControl
                0x0800035c      0x1d0 ./drivers/Src/stm32f407xx_gpio_driver.o
                0x0800035c                GPIO_PeriClockControl
 .text.GPIO_Init
                0x0800052c      0x318 ./drivers/Src/stm32f407xx_gpio_driver.o
                0x0800052c                GPIO_Init
 .text.GPIO_ReadFromInputPin
                0x08000844       0x2a ./drivers/Src/stm32f407xx_gpio_driver.o
                0x08000844                GPIO_ReadFromInputPin
 .text.I2C_GeneratesStartCondition
                0x0800086e       0x1e ./drivers/Src/stm32f407xx_i2c_driver.o
 .text.I2C_ExecuteAddressPhaseWrite
                0x0800088c       0x2a ./drivers/Src/stm32f407xx_i2c_driver.o
 .text.I2C_ClearADDRFlag
                0x080008b6       0x6e ./drivers/Src/stm32f407xx_i2c_driver.o
 .text.I2C_GenerateStopCondition
                0x08000924       0x1e ./drivers/Src/stm32f407xx_i2c_driver.o
                0x08000924                I2C_GenerateStopCondition
 *fill*         0x08000942        0x2 
 .text.I2C_PeriClockControl
                0x08000944       0xb0 ./drivers/Src/stm32f407xx_i2c_driver.o
                0x08000944                I2C_PeriClockControl
 .text.I2C_Init
                0x080009f4      0x15c ./drivers/Src/stm32f407xx_i2c_driver.o
                0x080009f4                I2C_Init
 .text.I2C_GetFlagStatus
                0x08000b50       0x26 ./drivers/Src/stm32f407xx_i2c_driver.o
                0x08000b50                I2C_GetFlagStatus
 .text.I2C_MasterSendData
                0x08000b76       0xc6 ./drivers/Src/stm32f407xx_i2c_driver.o
                0x08000b76                I2C_MasterSendData
 .text.I2C_ManageAcking
                0x08000c3c       0x36 ./drivers/Src/stm32f407xx_i2c_driver.o
                0x08000c3c                I2C_ManageAcking
 .text.I2C_PeripheralControl
                0x08000c72       0x36 ./drivers/Src/stm32f407xx_i2c_driver.o
                0x08000c72                I2C_PeripheralControl
 .text.RCC_GetPCLK1Value
                0x08000ca8       0xb0 ./drivers/Src/stm32f4xx_rcc_driver.o
                0x08000ca8                RCC_GetPCLK1Value
 .text.RCC_GetPLLOutputClock
                0x08000d58       0x44 ./drivers/Src/stm32f4xx_rcc_driver.o
                0x08000d58                RCC_GetPLLOutputClock
 .text.__libc_init_array
                0x08000d9c       0x48 C:/ST/STM32CubeIDE_1.15.0/STM32CubeIDE/plugins/com.st.stm32cube.ide.mcu.externaltools.gnu-tools-for-stm32.12.3.rel1.win32_1.0.200.202406191623/tools/bin/../lib/gcc/arm-none-eabi/12.3.1/../../../../arm-none-eabi/lib/thumb/v7e-m/nofp\libc_nano.a(libc_a-init.o)
                0x08000d9c                __libc_init_array
 *(.glue_7)
 .glue_7        0x08000de4        0x0 linker stubs
 *(.glue_7t)
 .glue_7t       0x08000de4        0x0 linker stubs
 *(.eh_frame)
 .eh_frame      0x08000de4        0x0 C:/ST/STM32CubeIDE_1.15.0/STM32CubeIDE/plugins/com.st.stm32cube.ide.mcu.externaltools.gnu-tools-for-stm32.12.3.rel1.win32_1.0.200.202406191623/tools/bin/../lib/gcc/arm-none-eabi/12.3.1/thumb/v7e-m/nofp/crtbegin.o
 *(.init)
 .init          0x08000de4        0x4 C:/ST/STM32CubeIDE_1.15.0/STM32CubeIDE/plugins/com.st.stm32cube.ide.mcu.externaltools.gnu-tools-for-stm32.12.3.rel1.win32_1.0.200.202406191623/tools/bin/../lib/gcc/arm-none-eabi/12.3.1/thumb/v7e-m/nofp/crti.o
                0x08000de4                _init
 .init          0x08000de8        0x8 C:/ST/STM32CubeIDE_1.15.0/STM32CubeIDE/plugins/com.st.stm32cube.ide.mcu.externaltools.gnu-tools-for-stm32.12.3.rel1.win32_1.0.200.202406191623/tools/bin/../lib/gcc/arm-none-eabi/12.3.1/thumb/v7e-m/nofp/crtn.o
 *(.fini)
 .fini          0x08000df0        0x4 C:/ST/STM32CubeIDE_1.15.0/STM32CubeIDE/plugins/com.st.stm32cube.ide.mcu.externaltools.gnu-tools-for-stm32.12.3.rel1.win32_1.0.200.202406191623/tools/bin/../lib/gcc/arm-none-eabi/12.3.1/thumb/v7e-m/nofp/crti.o
                0x08000df0                _fini
 .fini          0x08000df4        0x8 C:/ST/STM32CubeIDE_1.15.0/STM32CubeIDE/plugins/com.st.stm32cube.ide.mcu.externaltools.gnu-tools-for-stm32.12.3.rel1.win32_1.0.200.202406191623/tools/bin/../lib/gcc/arm-none-eabi/12.3.1/thumb/v7e-m/nofp/crtn.o
                0x08000dfc                        . = ALIGN (0x4)
                0x08000dfc                        _etext = .

.vfp11_veneer   0x08000dfc        0x0
 .vfp11_veneer  0x08000dfc        0x0 linker stubs

.v4_bx          0x08000dfc        0x0
 .v4_bx         0x08000dfc        0x0 linker stubs

.iplt           0x08000dfc        0x0
 .iplt          0x08000dfc        0x0 C:/ST/STM32CubeIDE_1.15.0/STM32CubeIDE/plugins/com.st.stm32cube.ide.mcu.externaltools.gnu-tools-for-stm32.12.3.rel1.win32_1.0.200.202406191623/tools/bin/../lib/gcc/arm-none-eabi/12.3.1/thumb/v7e-m/nofp/crtbegin.o

.rodata         0x08000dfc        0x0
                0x08000dfc                        . = ALIGN (0x4)
 *(.rodata)
 *(.rodata*)
                0x08000dfc                        . = ALIGN (0x4)

.ARM.extab      0x08000dfc        0x0
                0x08000dfc                        . = ALIGN (0x4)
 *(.ARM.extab* .gnu.linkonce.armextab.*)
                0x08000dfc                        . = ALIGN (0x4)

.ARM            0x08000dfc        0x8
                0x08000dfc                        . = ALIGN (0x4)
                0x08000dfc                        __exidx_start = .
 *(.ARM.exidx*)
 .ARM.exidx     0x08000dfc        0x8 C:/ST/STM32CubeIDE_1.15.0/STM32CubeIDE/plugins/com.st.stm32cube.ide.mcu.externaltools.gnu-tools-for-stm32.12.3.rel1.win32_1.0.200.202406191623/tools/bin/../lib/gcc/arm-none-eabi/12.3.1/../../../../arm-none-eabi/lib/thumb/v7e-m/nofp\libc_nano.a(libc_a-strlen.o)
                0x08000e04                        __exidx_end = .
                0x08000e04                        . = ALIGN (0x4)

.preinit_array  0x08000e04        0x0
                0x08000e04                        . = ALIGN (0x4)
                0x08000e04                        PROVIDE (__preinit_array_start = .)
 *(.preinit_array*)
                0x08000e04                        PROVIDE (__preinit_array_end = .)
                0x08000e04                        . = ALIGN (0x4)

.init_array     0x08000e04        0x4
                0x08000e04                        . = ALIGN (0x4)
                0x08000e04                        PROVIDE (__init_array_start = .)
 *(SORT_BY_NAME(.init_array.*))
 *(.init_array*)
 .init_array    0x08000e04        0x4 C:/ST/STM32CubeIDE_1.15.0/STM32CubeIDE/plugins/com.st.stm32cube.ide.mcu.externaltools.gnu-tools-for-stm32.12.3.rel1.win32_1.0.200.202406191623/tools/bin/../lib/gcc/arm-none-eabi/12.3.1/thumb/v7e-m/nofp/crtbegin.o
                0x08000e08                        PROVIDE (__init_array_end = .)
                0x08000e08                        . = ALIGN (0x4)

.fini_array     0x08000e08        0x4
                0x08000e08                        . = ALIGN (0x4)
                [!provide]                        PROVIDE (__fini_array_start = .)
 *(SORT_BY_NAME(.fini_array.*))
 *(.fini_array*)
 .fini_array    0x08000e08        0x4 C:/ST/STM32CubeIDE_1.15.0/STM32CubeIDE/plugins/com.st.stm32cube.ide.mcu.externaltools.gnu-tools-for-stm32.12.3.rel1.win32_1.0.200.202406191623/tools/bin/../lib/gcc/arm-none-eabi/12.3.1/thumb/v7e-m/nofp/crtbegin.o
                [!provide]                        PROVIDE (__fini_array_end = .)
                0x08000e0c                        . = ALIGN (0x4)
                0x08000e0c                        _sidata = LOADADDR (.data)

.rel.dyn        0x08000e0c        0x0
 .rel.iplt      0x08000e0c        0x0 C:/ST/STM32CubeIDE_1.15.0/STM32CubeIDE/plugins/com.st.stm32cube.ide.mcu.externaltools.gnu-tools-for-stm32.12.3.rel1.win32_1.0.200.202406191623/tools/bin/../lib/gcc/arm-none-eabi/12.3.1/thumb/v7e-m/nofp/crtbegin.o

.data           0x20000000       0x34 load address 0x08000e0c
                0x20000000                        . = ALIGN (0x4)
                0x20000000                        _sdata = .
 *(.data)
 *(.data*)
 .data.some_data
                0x20000000       0x1e ./Src/010i2c_master_tx_testing.o
                0x20000000                some_data
 *fill*         0x2000001e        0x2 
 .data.AHB_PreScaler
                0x20000020       0x10 ./drivers/Src/stm32f4xx_rcc_driver.o
                0x20000020                AHB_PreScaler
 .data.APB1_PreScaler
                0x20000030        0x4 ./drivers/Src/stm32f4xx_rcc_driver.o
                0x20000030                APB1_PreScaler
 *(.RamFunc)
 *(.RamFunc*)
                0x20000034                        . = ALIGN (0x4)
                0x20000034                        _edata = .
                0x08000e40                        _siccmram = LOADADDR (.ccmram)

.igot.plt       0x20000034        0x0 load address 0x08000e40
 .igot.plt      0x20000034        0x0 C:/ST/STM32CubeIDE_1.15.0/STM32CubeIDE/plugins/com.st.stm32cube.ide.mcu.externaltools.gnu-tools-for-stm32.12.3.rel1.win32_1.0.200.202406191623/tools/bin/../lib/gcc/arm-none-eabi/12.3.1/thumb/v7e-m/nofp/crtbegin.o

.ccmram         0x10000000        0x0 load address 0x08000e40
                0x10000000                        . = ALIGN (0x4)
                0x10000000                        _sccmram = .
 *(.ccmram)
 *(.ccmram*)
                0x10000000                        . = ALIGN (0x4)
                0x10000000                        _eccmram = .
                0x10000000                        . = ALIGN (0x4)

.bss            0x20000034       0x44
                0x20000034                        _sbss = .
                0x20000034                        __bss_start__ = _sbss
 *(.bss)
 .bss           0x20000034       0x1c C:/ST/STM32CubeIDE_1.15.0/STM32CubeIDE/plugins/com.st.stm32cube.ide.mcu.externaltools.gnu-tools-for-stm32.12.3.rel1.win32_1.0.200.202406191623/tools/bin/../lib/gcc/arm-none-eabi/12.3.1/thumb/v7e-m/nofp/crtbegin.o
 *(.bss*)
 .bss.I2C1Handle
                0x20000050       0x28 ./Src/010i2c_master_tx_testing.o
                0x20000050                I2C1Handle
 *(COMMON)
                0x20000078                        . = ALIGN (0x4)
                0x20000078                        _ebss = .
                0x20000078                        __bss_end__ = _ebss

._user_heap_stack
                0x20000078      0x600
                0x20000078                        . = ALIGN (0x8)
                0x20000078                        PROVIDE (end = .)
                [!provide]                        PROVIDE (_end = .)
                0x20000278                        . = (. + _Min_Heap_Size)
 *fill*         0x20000078      0x200 
                0x20000678                        . = (. + _Min_Stack_Size)
 *fill*         0x20000278      0x400 
                0x20000678                        . = ALIGN (0x8)

/DISCARD/
 libc.a(*)
 libm.a(*)
 libgcc.a(*)

.ARM.attributes
                0x00000000       0x2a
 *(.ARM.attributes)
 .ARM.attributes
                0x00000000       0x1e C:/ST/STM32CubeIDE_1.15.0/STM32CubeIDE/plugins/com.st.stm32cube.ide.mcu.externaltools.gnu-tools-for-stm32.12.3.rel1.win32_1.0.200.202406191623/tools/bin/../lib/gcc/arm-none-eabi/12.3.1/thumb/v7e-m/nofp/crti.o
 .ARM.attributes
                0x0000001e       0x2e C:/ST/STM32CubeIDE_1.15.0/STM32CubeIDE/plugins/com.st.stm32cube.ide.mcu.externaltools.gnu-tools-for-stm32.12.3.rel1.win32_1.0.200.202406191623/tools/bin/../lib/gcc/arm-none-eabi/12.3.1/thumb/v7e-m/nofp/crtbegin.o
 .ARM.attributes
                0x0000004c       0x2e ./Src/010i2c_master_tx_testing.o
 .ARM.attributes
                0x0000007a       0x21 ./Startup/startup_stm32f407vgtx.o
 .ARM.attributes
                0x0000009b       0x2e ./drivers/Src/stm32f407xx_gpio_driver.o
 .ARM.attributes
                0x000000c9       0x2e ./drivers/Src/stm32f407xx_i2c_driver.o
 .ARM.attributes
                0x000000f7       0x2e ./drivers/Src/stm32f4xx_rcc_driver.o
 .ARM.attributes
                0x00000125       0x2e C:/ST/STM32CubeIDE_1.15.0/STM32CubeIDE/plugins/com.st.stm32cube.ide.mcu.externaltools.gnu-tools-for-stm32.12.3.rel1.win32_1.0.200.202406191623/tools/bin/../lib/gcc/arm-none-eabi/12.3.1/../../../../arm-none-eabi/lib/thumb/v7e-m/nofp\libc_nano.a(libc_a-init.o)
 .ARM.attributes
                0x00000153       0x17 C:/ST/STM32CubeIDE_1.15.0/STM32CubeIDE/plugins/com.st.stm32cube.ide.mcu.externaltools.gnu-tools-for-stm32.12.3.rel1.win32_1.0.200.202406191623/tools/bin/../lib/gcc/arm-none-eabi/12.3.1/../../../../arm-none-eabi/lib/thumb/v7e-m/nofp\libc_nano.a(libc_a-strlen.o)
 .ARM.attributes
                0x0000016a       0x1e C:/ST/STM32CubeIDE_1.15.0/STM32CubeIDE/plugins/com.st.stm32cube.ide.mcu.externaltools.gnu-tools-for-stm32.12.3.rel1.win32_1.0.200.202406191623/tools/bin/../lib/gcc/arm-none-eabi/12.3.1/thumb/v7e-m/nofp/crtn.o
OUTPUT(stm32f4xx_drivers.elf elf32-littlearm)
LOAD linker stubs
LOAD C:/ST/STM32CubeIDE_1.15.0/STM32CubeIDE/plugins/com.st.stm32cube.ide.mcu.externaltools.gnu-tools-for-stm32.12.3.rel1.win32_1.0.200.202406191623/tools/bin/../lib/gcc/arm-none-eabi/12.3.1/../../../../arm-none-eabi/lib/thumb/v7e-m/nofp\libc.a
LOAD C:/ST/STM32CubeIDE_1.15.0/STM32CubeIDE/plugins/com.st.stm32cube.ide.mcu.externaltools.gnu-tools-for-stm32.12.3.rel1.win32_1.0.200.202406191623/tools/bin/../lib/gcc/arm-none-eabi/12.3.1/../../../../arm-none-eabi/lib/thumb/v7e-m/nofp\libm.a
LOAD C:/ST/STM32CubeIDE_1.15.0/STM32CubeIDE/plugins/com.st.stm32cube.ide.mcu.externaltools.gnu-tools-for-stm32.12.3.rel1.win32_1.0.200.202406191623/tools/bin/../lib/gcc/arm-none-eabi/12.3.1/thumb/v7e-m/nofp\libgcc.a

.debug_info     0x00000000     0x1ab5
 .debug_info    0x00000000      0x4f6 ./Src/010i2c_master_tx_testing.o
 .debug_info    0x000004f6       0x30 ./Startup/startup_stm32f407vgtx.o
 .debug_info    0x00000526      0x76c ./drivers/Src/stm32f407xx_gpio_driver.o
 .debug_info    0x00000c92      0xa6e ./drivers/Src/stm32f407xx_i2c_driver.o
 .debug_info    0x00001700      0x3b5 ./drivers/Src/stm32f4xx_rcc_driver.o

.debug_abbrev   0x00000000      0x66e
 .debug_abbrev  0x00000000      0x177 ./Src/010i2c_master_tx_testing.o
 .debug_abbrev  0x00000177       0x24 ./Startup/startup_stm32f407vgtx.o
 .debug_abbrev  0x0000019b      0x178 ./drivers/Src/stm32f407xx_gpio_driver.o
 .debug_abbrev  0x00000313      0x261 ./drivers/Src/stm32f407xx_i2c_driver.o
 .debug_abbrev  0x00000574       0xfa ./drivers/Src/stm32f4xx_rcc_driver.o

.debug_aranges  0x00000000      0x1f0
 .debug_aranges
                0x00000000       0x40 ./Src/010i2c_master_tx_testing.o
 .debug_aranges
                0x00000040       0x28 ./Startup/startup_stm32f407vgtx.o
 .debug_aranges
                0x00000068       0x70 ./drivers/Src/stm32f407xx_gpio_driver.o
 .debug_aranges
                0x000000d8       0xe8 ./drivers/Src/stm32f407xx_i2c_driver.o
 .debug_aranges
                0x000001c0       0x30 ./drivers/Src/stm32f4xx_rcc_driver.o

.debug_rnglists
                0x00000000      0x16c
 .debug_rnglists
                0x00000000       0x2b ./Src/010i2c_master_tx_testing.o
 .debug_rnglists
                0x0000002b       0x19 ./Startup/startup_stm32f407vgtx.o
 .debug_rnglists
                0x00000044       0x53 ./drivers/Src/stm32f407xx_gpio_driver.o
 .debug_rnglists
                0x00000097       0xb4 ./drivers/Src/stm32f407xx_i2c_driver.o
 .debug_rnglists
                0x0000014b       0x21 ./drivers/Src/stm32f4xx_rcc_driver.o

.debug_macro    0x00000000     0x2b15
 .debug_macro   0x00000000      0x1c6 ./Src/010i2c_master_tx_testing.o
 .debug_macro   0x000001c6      0xab4 ./Src/010i2c_master_tx_testing.o
 .debug_macro   0x00000c7a       0x22 ./Src/010i2c_master_tx_testing.o
 .debug_macro   0x00000c9c       0x5b ./Src/010i2c_master_tx_testing.o
 .debug_macro   0x00000cf7       0x24 ./Src/010i2c_master_tx_testing.o
 .debug_macro   0x00000d1b       0x94 ./Src/010i2c_master_tx_testing.o
 .debug_macro   0x00000daf       0x43 ./Src/010i2c_master_tx_testing.o
 .debug_macro   0x00000df2       0x34 ./Src/010i2c_master_tx_testing.o
 .debug_macro   0x00000e26       0x16 ./Src/010i2c_master_tx_testing.o
 .debug_macro   0x00000e3c       0x57 ./Src/010i2c_master_tx_testing.o
 .debug_macro   0x00000e93       0x9e ./Src/010i2c_master_tx_testing.o
 .debug_macro   0x00000f31      0x369 ./Src/010i2c_master_tx_testing.o
 .debug_macro   0x0000129a      0x10b ./Src/010i2c_master_tx_testing.o
 .debug_macro   0x000013a5       0x10 ./Src/010i2c_master_tx_testing.o
 .debug_macro   0x000013b5       0x16 ./Src/010i2c_master_tx_testing.o
 .debug_macro   0x000013cb       0x43 ./Src/010i2c_master_tx_testing.o
 .debug_macro   0x0000140e       0x34 ./Src/010i2c_master_tx_testing.o
 .debug_macro   0x00001442       0x10 ./Src/010i2c_master_tx_testing.o
 .debug_macro   0x00001452       0x58 ./Src/010i2c_master_tx_testing.o
 .debug_macro   0x000014aa       0x8e ./Src/010i2c_master_tx_testing.o
 .debug_macro   0x00001538       0x1c ./Src/010i2c_master_tx_testing.o
 .debug_macro   0x00001554      0x177 ./Src/010i2c_master_tx_testing.o
 .debug_macro   0x000016cb       0x16 ./Src/010i2c_master_tx_testing.o
 .debug_macro   0x000016e1       0x16 ./Src/010i2c_master_tx_testing.o
 .debug_macro   0x000016f7      0x146 ./Src/010i2c_master_tx_testing.o
 .debug_macro   0x0000183d       0x16 ./Src/010i2c_master_tx_testing.o
 .debug_macro   0x00001853       0x35 ./Src/010i2c_master_tx_testing.o
 .debug_macro   0x00001888       0x20 ./Src/010i2c_master_tx_testing.o
 .debug_macro   0x000018a8      0x103 ./Src/010i2c_master_tx_testing.o
 .debug_macro   0x000019ab       0x6a ./Src/010i2c_master_tx_testing.o
 .debug_macro   0x00001a15      0x1df ./Src/010i2c_master_tx_testing.o
 .debug_macro   0x00001bf4      0x7be ./Src/010i2c_master_tx_testing.o
 .debug_macro   0x000023b2       0xc4 ./Src/010i2c_master_tx_testing.o
 .debug_macro   0x00002476       0xc4 ./Src/010i2c_master_tx_testing.o
 .debug_macro   0x0000253a       0xee ./Src/010i2c_master_tx_testing.o
 .debug_macro   0x00002628      0x107 ./Src/010i2c_master_tx_testing.o
 .debug_macro   0x0000272f       0xc2 ./drivers/Src/stm32f407xx_gpio_driver.o
 .debug_macro   0x000027f1       0xbe ./drivers/Src/stm32f407xx_gpio_driver.o
 .debug_macro   0x000028af       0xc2 ./drivers/Src/stm32f407xx_i2c_driver.o
 .debug_macro   0x00002971       0xe8 ./drivers/Src/stm32f407xx_i2c_driver.o
 .debug_macro   0x00002a59       0xbc ./drivers/Src/stm32f4xx_rcc_driver.o

.debug_line     0x00000000     0x26d0
 .debug_line    0x00000000      0x767 ./Src/010i2c_master_tx_testing.o
 .debug_line    0x00000767       0x7b ./Startup/startup_stm32f407vgtx.o
 .debug_line    0x000007e2      0xab8 ./drivers/Src/stm32f407xx_gpio_driver.o
 .debug_line    0x0000129a      0xe2a ./drivers/Src/stm32f407xx_i2c_driver.o
 .debug_line    0x000020c4      0x60c ./drivers/Src/stm32f4xx_rcc_driver.o

.debug_str      0x00000000     0xae88
 .debug_str     0x00000000     0xa818 ./Src/010i2c_master_tx_testing.o
                               0xaa2e (size before relaxing)
 .debug_str     0x0000a818       0x3f ./Startup/startup_stm32f407vgtx.o
                                 0x89 (size before relaxing)
 .debug_str     0x0000a857      0x2b8 ./drivers/Src/stm32f407xx_gpio_driver.o
                               0x73a2 (size before relaxing)
 .debug_str     0x0000ab0f      0x2af ./drivers/Src/stm32f407xx_i2c_driver.o
                               0x7539 (size before relaxing)
 .debug_str     0x0000adbe       0xca ./drivers/Src/stm32f4xx_rcc_driver.o
                               0x71e9 (size before relaxing)

.comment        0x00000000       0x43
 .comment       0x00000000       0x43 ./Src/010i2c_master_tx_testing.o
                                 0x44 (size before relaxing)
 .comment       0x00000043       0x44 ./drivers/Src/stm32f407xx_gpio_driver.o
 .comment       0x00000043       0x44 ./drivers/Src/stm32f407xx_i2c_driver.o
 .comment       0x00000043       0x44 ./drivers/Src/stm32f4xx_rcc_driver.o

.debug_frame    0x00000000      0x72c
 .debug_frame   0x00000000       0xbc ./Src/010i2c_master_tx_testing.o
 .debug_frame   0x000000bc      0x1c8 ./drivers/Src/stm32f407xx_gpio_driver.o
 .debug_frame   0x00000284      0x3f8 ./drivers/Src/stm32f407xx_i2c_driver.o
 .debug_frame   0x0000067c       0x84 ./drivers/Src/stm32f4xx_rcc_driver.o
 .debug_frame   0x00000700       0x2c C:/ST/STM32CubeIDE_1.15.0/STM32CubeIDE/plugins/com.st.stm32cube.ide.mcu.externaltools.gnu-tools-for-stm32.12.3.rel1.win32_1.0.200.202406191623/tools/bin/../lib/gcc/arm-none-eabi/12.3.1/../../../../arm-none-eabi/lib/thumb/v7e-m/nofp\libc_nano.a(libc_a-init.o)

.debug_line_str
                0x00000000       0x6d
 .debug_line_str
                0x00000000       0x6d ./Startup/startup_stm32f407vgtx.o
