../bsp/ds1307.c:25:9:ds1307_init	16	static
../bsp/ds1307.c:48:6:ds1307_set_current_time	24	static
../bsp/ds1307.c:70:6:ds1307_set_current_date	16	static
../bsp/ds1307.c:82:6:ds1307_get_current_time	24	static
../bsp/ds1307.c:107:6:ds1307_get_current_date	16	static
../bsp/ds1307.c:116:13:ds1307_i2c_pin_config	32	static
../bsp/ds1307.c:152:13:ds1307_i2c_config	8	static
../bsp/ds1307.c:161:13:ds1307_write	32	static
../bsp/ds1307.c:171:16:ds1307_read	32	static
../bsp/ds1307.c:182:16:binary_to_bcd	24	static
../bsp/ds1307.c:198:16:bcd_to_binary	24	static
