../drivers/Src/stm32f407xx_usart_driver.c:30:6:USART_SetBaudRate	40	static
../drivers/Src/stm32f407xx_usart_driver.c:107:6:USART_Init	24	static
../drivers/Src/stm32f407xx_usart_driver.c:221:6:USART_PeripheralControl	16	static
../drivers/Src/stm32f407xx_usart_driver.c:249:6:USART_PeriClockControl	16	static
../drivers/Src/stm32f407xx_usart_driver.c:288:9:USART_GetFlagStatus	16	static
../drivers/Src/stm32f407xx_usart_driver.c:312:6:USART_SendData	32	static
../drivers/Src/stm32f407xx_usart_driver.c:375:6:USART_ReceiveData	32	static
../drivers/Src/stm32f407xx_usart_driver.c:450:9:USART_SendDataIT	32	static
../drivers/Src/stm32f407xx_usart_driver.c:488:9:USART_ReceiveDataIT	32	static
../drivers/Src/stm32f407xx_usart_driver.c:526:6:USART_ClearFlag	16	static
../drivers/Src/stm32f407xx_usart_driver.c:546:6:USART_IRQInterruptConfig	16	static
../drivers/Src/stm32f407xx_usart_driver.c:601:6:USART_IRQPriorityConfig	24	static
../drivers/Src/stm32f407xx_usart_driver.c:627:6:USART_IRQHandling	32	static
../drivers/Src/stm32f407xx_usart_driver.c:930:28:USART_ApplicationEventCallback	16	static
